<head>
<title>Unsaubere Testseite</title><style> body{font-family:Verdana;margin:20px;}
h1{color:#222;margin-top:40px;}
h2 {color:#444;}
p {margin-bottom:12px;text-align:justify;} </style>
</head>
<body>
<h1>Abschnitt Eins</h1><h2>Unter A</h2><p>Dies ist ein deutscher Platzhaltertext. Er soll nur die Struktur zeigen.</p><p>
Noch ein Absatz, mit
zufälligen
Zeilenumbrüchen.</p>


<h2>Unter B</h2><p>Lorem ipsum dolor sit amet, consectetur adipiscing elit.</p>
<h2>Unter C</h2><p>Weitere Wörter: Baum Fenster Straße Freude.</p>

<h1>Abschnitt Zwei</h1>
<h2>Teil 1</h2><p>Ein kurzer Absatz.</p><h2>Teil 2</h2>
<p>
Noch ein Absatz,    mit
   überflüssigen Leerzeichen.
</p>
<h2>Teil 3</h2>
<p>Letzter Unterabschnitt in diesem Teil.</p>


<h1>Abschnitt Drei</h1><h2>X</h2><p>Phasellus nec sem in justo pellentesque facilisis.</p>
<h2>Y</h2><p>Integer posuere erat a ante venenatis dapibus posuere velit aliquet.</p><h2>Z</h2><p>Curabitur blandit tempus porttitor.</p>



<h1>Abschnitt Vier</h1>
<h2>Alpha</h2><p>Etwas Text. 
</p>
<h2>Beta</h2><p>Ein weiterer kurzer Satz.</p>   <h2>Gamma</h2>
<p>Extrazeilen vor und nach diesem Absatz.</p>


<h1>Abschnitt Fünf</h1><h2>Eins</h2><p>Hier könnte Ihr Text stehen.</p><h2>Zwei</h2>
<p>Noch ein Absatz.</p>

<h2>Drei</h2>
<p>Letzter Abschnitt auf dieser Seite.</p>
</body>
