<head>
  <title>Unusual Test Page</title>
  <style>
    body { font-family: Arial, sans-serif; margin: 20px; }
    h1 { color: darkblue; }
    h2 { color: darkred; }
    p { margin-bottom: 10px; }
    code { background: #f0f0f0; padding: 2px 4px; }
  </style>
  <!-- Head comment -->
  <script>
    // A script that does nothing
    console.log("Test script 1 runs, but harmless.");
  </script>
</head>
<body>
  <!-- Page starts here -->
  <h1>Main Section One</h1>
  <h2>Subsection A</h2>
  <p>This paragraph contains an <abbr title="HyperText Markup Language">HTML</abbr> abbreviation.</p>
  <p>Inline <code>code_example()</code> for testing.</p>

  <h2>Subsection B</h2>
  <blockquote cite="https://example.com">
    <!-- A comment inside a blockquote -->
    This is a quoted text block.  
  </blockquote>

  <h2>Subsection C</h2>
  <details>
    <summary>Click for more info</summary>
    <p>Hidden content revealed by using the <code>&lt;details&gt;</code> element.</p>
  </details>

  <!-- Another random comment -->

  <h1>Main Section Two</h1>
  <h2>Subsection D</h2>
  <pre>
This is preformatted text.
    It keeps spaces    and line breaks.
  </pre>

  <h2>Subsection E</h2>
  <p>Normal text followed by a script that does nothing:</p>
  <script>
    // Another harmless script
    let x = 42; // unused
  </script>

  <h2>Subsection F</h2>
  <p>A link with a target: <a href="https://example.com" target="_blank">Example</a></p>

  <!-- End of page -->
</body>
